Ansys Lumerical 2024 R1 FDTD Solver Version 8.31.3633 (Windows 64bit)
 expires (month/day/year): 12/31/2035
using config file: Ansys Licensing set with ANSYSLMD_LICENSE_FILE
license host: 1055@localhost
current time: Tue Sep 8 19:21:20 2026
Running on host: DESKTOP-OOHI6PS
host available memory (GB): 5.942575
All processes are communicating and ready to proceed to simulation...
Running fsp file: C:\Program Files\Lumerical\v241\bin\fdtd-engine-msmpi.exe -t 1 -remote -shared-solve-license QU5TWVNfTElDRU5TSU5HX0NPTlRFWFRfREFUQT08QU5TWVNfTElDRU5TSU5HX0NPTlRFWFRfREFUQT48SUQ+YWNkOGMzMjAtYWQ4NS00MzZhLTk3YWEtN2I0MzBhMmIzYjE5PC9JRD48VFlQRT5IUENfUEFSQU1FVFJJQzwvVFlQRT48TkFNRT5IUEMgUGFyYW1ldHJpYzwvTkFNRT48SEFORExFUj41NDc5M0BERVNLVE9QLU9PSEk2UFM8L0hBTkRMRVI+PC9BTlNZU19MSUNFTlNJTkdfQ09OVEVYVF9EQVRBPgo= E:/University/FDTD Projects/B_freespace.fsp
number of processors is 2
processors are distributed as: 1x1x2
Running 3D Simulation
Starting meshing
Simulation size in gridpoints: 74 x 74 x 38
Refined 0 mesh cells (0%)
Completed meshing!
Meshing complete in 0.015625 seconds of CPU time
0 0
Starting meshing
Simulation size in gridpoints: 74 x 74 x 38
Refined 0 mesh cells (0%)
Completed meshing!
Meshing complete in 0.015625 seconds of CPU time
0 0
Starting meshing
Simulation size in gridpoints: 74 x 74 x 38
Refined 0 mesh cells (0%)
Completed meshing!
Meshing complete in 0.015625 seconds of CPU time
0 0
finished material properties
Meshing Time: 0.0768321 seconds, Init Electrical Material Time: 0.0130017 seconds, Init Magnetic Material Time: 0.0002618
Using selected optimization level: 2
Selecting 3d kernel for splitFieldDirection=0 and optLevel=2
-----------------------------------------
Beginning initialization of 3D Simulation
Starting to add sources to simulation
Adding 3D point source
Starting to add boundary conditions to simulation
Adding 3D PML BC
Adding 3D PML BC
Adding 3D PML BC
Adding 3D PML BC
Adding 3D PML BC
Adding 3D Parallel BC
Starting to add monitors to Simulation
Adding analysis monitor
Adding 3D DFT monitor
Adding 3D DFT monitor
Adding 3D DFT monitor
Adding 3D DFT monitor
Adding 3D DFT monitor
Adding 3D DFT monitor
Finished initialization of 3D Simulation
-----------------------------------------
All processes are communicating and ready to proceed to simulation...
Starting 78675 total iterations
0.0610104% complete. Elapsed simulation time: 1.83031e-16 secs. Max time remaining: 4 mins, 21 secs. Auto Shutoff: 1
1.28122% complete. Elapsed simulation time: 3.84365e-15 secs. Max time remaining: 3 mins, 35 secs. Auto Shutoff: 1
2.58277% complete. Elapsed simulation time: 7.74832e-15 secs. Max time remaining: 3 mins, 31 secs. Auto Shutoff: 1
3.88433% complete. Elapsed simulation time: 1.1653e-14 secs. Max time remaining: 3 mins, 28 secs. Auto Shutoff: 1
5.18588% complete. Elapsed simulation time: 1.55577e-14 secs. Max time remaining: 3 mins, 26 secs. Auto Shutoff: 1
6.39719% complete. Elapsed simulation time: 1.91916e-14 secs. Max time remaining: 3 mins, 24 secs. Auto Shutoff: 1.48676e-08
100% complete. Max time remaining: 0 mins, 0 secs. Auto Shutoff: 1.48676e-08
Early termination of simulation, the autoshutoff criteria are satisfied.
Completed 5033 iterations, or 1.919158e-14s of Simulation Time
Process 0 starting to collect data
    collecting monitor data
    collecting source data
Finished collecting data
Simulation completed successfully at: Tue Sep 8 19:21:34 2026
Overall wall time measurements in seconds: 14.8046
    time to mesh and initialize: 0.120763
    time to run FDTD simulation: 13.9181
    time to checkpoint simulation: 0
    time to finalize data and save to files: 0.161705
    miscellaneous time: 0.603986
    FDTD solver speed on process 0: 75.2478 Mnodes/s
    total FDTD solver speed on 2 processes: 150.496 Mnodes/s
