Ansys Lumerical 2024 R1 FDTD Solver Version 8.31.3633 (Windows 64bit)
 expires (month/day/year): 12/31/2035
using config file: Ansys Licensing set with ANSYSLMD_LICENSE_FILE
license host: 1055@localhost
current time: Tue Sep 8 19:20:29 2026
Running on host: DESKTOP-OOHI6PS
host available memory (GB): 5.764080
All processes are communicating and ready to proceed to simulation...
Running fsp file: C:\Program Files\Lumerical\v241\bin\fdtd-engine-msmpi.exe -t 1 -remote -shared-solve-license QU5TWVNfTElDRU5TSU5HX0NPTlRFWFRfREFUQT08QU5TWVNfTElDRU5TSU5HX0NPTlRFWFRfREFUQT48SUQ+MTJiMGE2M2QtYTIwYS00MzhiLWE3N2EtNzI1NTk2MzUxZTI4PC9JRD48VFlQRT5IUENfUEFSQU1FVFJJQzwvVFlQRT48TkFNRT5IUEMgUGFyYW1ldHJpYzwvTkFNRT48SEFORExFUj41NDc5M0BERVNLVE9QLU9PSEk2UFM8L0hBTkRMRVI+PC9BTlNZU19MSUNFTlNJTkdfQ09OVEVYVF9EQVRBPgo= E:/University/FDTD Projects/C_tip_transverse.fsp
number of processors is 2
processors are distributed as: 1x1x2
Running 3D Simulation
Starting meshing
Simulation size in gridpoints: 70 x 70 x 47
Refined 0 mesh cells (0%)
Completed meshing!
Meshing complete in 0.046875 seconds of CPU time
12000 12000
Starting meshing
Simulation size in gridpoints: 70 x 70 x 47
Refined 0 mesh cells (0%)
Completed meshing!
Meshing complete in 0.03125 seconds of CPU time
12864 12864
Starting meshing
Simulation size in gridpoints: 70 x 70 x 47
Refined 0 mesh cells (0%)
Completed meshing!
Meshing complete in 0.046875 seconds of CPU time
14016 14016
finished material properties
Meshing Time: 0.139867 seconds, Init Electrical Material Time: 0.0246965 seconds, Init Magnetic Material Time: 0.00035
Using selected optimization level: 2
Selecting 3d kernel for splitFieldDirection=0 and optLevel=2
-----------------------------------------
Beginning initialization of 3D Simulation
Starting to add sources to simulation
Adding 3D point source
Starting to add boundary conditions to simulation
Adding 3D PML BC
Adding 3D PML BC
Adding 3D PML BC
Adding 3D PML BC
Adding 3D PML BC
Adding 3D Parallel BC
Starting to add monitors to Simulation
Adding analysis monitor
Adding 3D DFT monitor
Adding 3D DFT monitor
Adding 3D DFT monitor
Adding 3D DFT monitor
Adding 3D DFT monitor
Adding 3D DFT monitor
Adding 3D DFT monitor
Finished initialization of 3D Simulation
-----------------------------------------
All processes are communicating and ready to proceed to simulation...
Starting 79017 total iterations
0.0607463% complete. Elapsed simulation time: 1.82239e-16 secs. Max time remaining: 4 mins, 40 secs. Auto Shutoff: 1
1.27567% complete. Elapsed simulation time: 3.82702e-15 secs. Max time remaining: 4 mins, 11 secs. Auto Shutoff: 1
2.57159% complete. Elapsed simulation time: 7.71478e-15 secs. Max time remaining: 4 mins, 6 secs. Auto Shutoff: 1
3.86751% complete. Elapsed simulation time: 1.16025e-14 secs. Max time remaining: 4 mins, 2 secs. Auto Shutoff: 1
5.16343% complete. Elapsed simulation time: 1.54903e-14 secs. Max time remaining: 4 mins, 0 secs. Auto Shutoff: 1
6.45936% complete. Elapsed simulation time: 1.93781e-14 secs. Max time remaining: 3 mins, 56 secs. Auto Shutoff: 9.09049e-05
7.54646% complete. Elapsed simulation time: 2.26394e-14 secs. Max time remaining: 3 mins, 54 secs. Auto Shutoff: 9.44799e-06
100% complete. Max time remaining: 0 mins, 0 secs. Auto Shutoff: 9.44799e-06
Early termination of simulation, the autoshutoff criteria are satisfied.
Completed 5963 iterations, or 2.263938e-14s of Simulation Time
Process 0 starting to collect data
    collecting monitor data
    collecting source data
Finished collecting data
Simulation completed successfully at: Tue Sep 8 19:20:49 2026
Overall wall time measurements in seconds: 20.002
    time to mesh and initialize: 0.204719
    time to run FDTD simulation: 19.0685
    time to checkpoint simulation: 0
    time to finalize data and save to files: 0.136183
    miscellaneous time: 0.592641
    FDTD solver speed on process 0: 72.0183 Mnodes/s
    total FDTD solver speed on 2 processes: 144.037 Mnodes/s
