Ansys Lumerical 2024 R1 FDTD Solver Version 8.31.3633 (Windows 64bit)
 expires (month/day/year): 12/31/2035
using config file: Ansys Licensing set with ANSYSLMD_LICENSE_FILE
license host: 1055@localhost
current time: Sat Sep 12 12:01:54 2026
Running on host: DESKTOP-OOHI6PS
host available memory (GB): 5.568283
All processes are communicating and ready to proceed to simulation...
Running fsp file: C:\Program Files\Lumerical\v241\bin\fdtd-engine-msmpi.exe -t 1 -remote -shared-solve-license QU5TWVNfTElDRU5TSU5HX0NPTlRFWFRfREFUQT08QU5TWVNfTElDRU5TSU5HX0NPTlRFWFRfREFUQT48SUQ+ZjJlZjY0MDctZjRlZC00NTY3LWIyYjQtZWQ3NzdiM2ZkZWYwPC9JRD48VFlQRT5IUENfUEFSQU1FVFJJQzwvVFlQRT48TkFNRT5IUEMgUGFyYW1ldHJpYzwvTkFNRT48SEFORExFUj42NTQ0M0BERVNLVE9QLU9PSEk2UFM8L0hBTkRMRVI+PC9BTlNZU19MSUNFTlNJTkdfQ09OVEVYVF9EQVRBPgo= E:/University/FDTD Critical/A_baseline.fsp
number of processors is 2
processors are distributed as: 1x1x2
Running 3D Simulation
Starting meshing
Simulation size in gridpoints: 70 x 70 x 47
Refined 0 mesh cells (0%)
Completed meshing!
Meshing complete in 0.046875 seconds of CPU time
12000 12000
Starting meshing
Simulation size in gridpoints: 70 x 70 x 47
Refined 0 mesh cells (0%)
Completed meshing!
Meshing complete in 0.0625 seconds of CPU time
12864 12864
Starting meshing
Simulation size in gridpoints: 70 x 70 x 47
Refined 0 mesh cells (0%)
Completed meshing!
Meshing complete in 0.046875 seconds of CPU time
14016 14016
finished material properties
Meshing Time: 0.175934 seconds, Init Electrical Material Time: 0.0315539 seconds, Init Magnetic Material Time: 0.0004171
Using selected optimization level: 2
Selecting 3d kernel for splitFieldDirection=0 and optLevel=2
-----------------------------------------
Beginning initialization of 3D Simulation
Starting to add sources to simulation
Adding 3D point source
Starting to add boundary conditions to simulation
Adding 3D PML BC
Adding 3D PML BC
Adding 3D PML BC
Adding 3D PML BC
Adding 3D PML BC
Adding 3D Parallel BC
Starting to add monitors to Simulation
Adding analysis monitor
Adding 3D DFT monitor
Adding 3D DFT monitor
Adding 3D DFT monitor
Adding 3D DFT monitor
Adding 3D DFT monitor
Adding 3D DFT monitor
Adding 3D DFT monitor
Finished initialization of 3D Simulation
-----------------------------------------
All processes are communicating and ready to proceed to simulation...
Starting 79017 total iterations
0.0607463% complete. Elapsed simulation time: 1.82239e-16 secs. Max time remaining: 8 mins, 14 secs. Auto Shutoff: 1
1.11368% complete. Elapsed simulation time: 3.34105e-15 secs. Max time remaining: 9 mins, 15 secs. Auto Shutoff: 1
2.24761% complete. Elapsed simulation time: 6.74284e-15 secs. Max time remaining: 8 mins, 33 secs. Auto Shutoff: 1
3.54353% complete. Elapsed simulation time: 1.06306e-14 secs. Max time remaining: 7 mins, 35 secs. Auto Shutoff: 1
4.83945% complete. Elapsed simulation time: 1.45184e-14 secs. Max time remaining: 7 mins, 6 secs. Auto Shutoff: 1
6.13538% complete. Elapsed simulation time: 1.84061e-14 secs. Max time remaining: 6 mins, 48 secs. Auto Shutoff: 1
7.26931% complete. Elapsed simulation time: 2.18079e-14 secs. Max time remaining: 7 mins, 54 secs. Auto Shutoff: 0.0863743
8.40324% complete. Elapsed simulation time: 2.52097e-14 secs. Max time remaining: 8 mins, 3 secs. Auto Shutoff: 0.024706
9.53717% complete. Elapsed simulation time: 2.86115e-14 secs. Max time remaining: 8 mins, 20 secs. Auto Shutoff: 0.0112748
10.8331% complete. Elapsed simulation time: 3.24993e-14 secs. Max time remaining: 8 mins, 19 secs. Auto Shutoff: 0.00320443
11.967% complete. Elapsed simulation time: 3.59011e-14 secs. Max time remaining: 8 mins, 17 secs. Auto Shutoff: 0.00431789
13.2629% complete. Elapsed simulation time: 3.97888e-14 secs. Max time remaining: 8 mins, 15 secs. Auto Shutoff: 0.000855846
14.3969% complete. Elapsed simulation time: 4.31906e-14 secs. Max time remaining: 8 mins, 10 secs. Auto Shutoff: 0.00121371
15.6928% complete. Elapsed simulation time: 4.70784e-14 secs. Max time remaining: 8 mins, 3 secs. Auto Shutoff: 0.000366559
16.9887% complete. Elapsed simulation time: 5.09661e-14 secs. Max time remaining: 7 mins, 59 secs. Auto Shutoff: 7.63466e-05
18.1226% complete. Elapsed simulation time: 5.43679e-14 secs. Max time remaining: 7 mins, 53 secs. Auto Shutoff: 0.000125417
19.4186% complete. Elapsed simulation time: 5.82557e-14 secs. Max time remaining: 7 mins, 47 secs. Auto Shutoff: 2.93643e-05
20.5525% complete. Elapsed simulation time: 6.16575e-14 secs. Max time remaining: 7 mins, 41 secs. Auto Shutoff: 3.07405e-05
100% complete. Max time remaining: 0 mins, 0 secs. Auto Shutoff: 9.21087e-06
Early termination of simulation, the autoshutoff criteria are satisfied.
Completed 16265 iterations, or 6.175240e-14s of Simulation Time
Process 0 starting to collect data
    collecting monitor data
    collecting source data
Finished collecting data
Simulation completed successfully at: Sat Sep 12 12:03:54 2026
Overall wall time measurements in seconds: 120.844
    time to mesh and initialize: 0.268398
    time to run FDTD simulation: 119.547
    time to checkpoint simulation: 0
    time to finalize data and save to files: 0.34908
    miscellaneous time: 0.679505
    FDTD solver speed on process 0: 31.3335 Mnodes/s
    total FDTD solver speed on 2 processes: 62.6671 Mnodes/s
