Ansys Lumerical 2024 R1 FDTD Solver Version 8.31.3633 (Windows 64bit)
 expires (month/day/year): 12/31/2035
using config file: Ansys Licensing set with ANSYSLMD_LICENSE_FILE
license host: 1055@localhost
current time: Sat Sep 12 12:08:52 2026
Running on host: DESKTOP-OOHI6PS
host available memory (GB): 6.157853
All processes are communicating and ready to proceed to simulation...
Running fsp file: C:\Program Files\Lumerical\v241\bin\fdtd-engine-msmpi.exe -t 1 -remote -shared-solve-license QU5TWVNfTElDRU5TSU5HX0NPTlRFWFRfREFUQT08QU5TWVNfTElDRU5TSU5HX0NPTlRFWFRfREFUQT48SUQ+MmRmZDMzNGEtMWNiNC00ZjdmLTk4Y2QtMzdjZmFkNzQzM2NmPC9JRD48VFlQRT5IUENfUEFSQU1FVFJJQzwvVFlQRT48TkFNRT5IUEMgUGFyYW1ldHJpYzwvTkFNRT48SEFORExFUj42NTQ0M0BERVNLVE9QLU9PSEk2UFM8L0hBTkRMRVI+PC9BTlNZU19MSUNFTlNJTkdfQ09OVEVYVF9EQVRBPgo= E:/University/FDTD Critical/D_sphere_R15.9_tan.fsp
number of processors is 2
processors are distributed as: 1x1x2
Running 3D Simulation
Starting meshing
Simulation size in gridpoints: 76 x 76 x 40
Refined 0 mesh cells (0%)
Completed meshing!
Meshing complete in 0.046875 seconds of CPU time
12832 12832
Starting meshing
Simulation size in gridpoints: 76 x 76 x 40
Refined 0 mesh cells (0%)
Completed meshing!
Meshing complete in 0.046875 seconds of CPU time
13888 13888
Starting meshing
Simulation size in gridpoints: 76 x 76 x 40
Refined 0 mesh cells (0%)
Completed meshing!
Meshing complete in 0.03125 seconds of CPU time
14848 14848
finished material properties
Meshing Time: 0.147816 seconds, Init Electrical Material Time: 0.0240296 seconds, Init Magnetic Material Time: 0.0002928
Using selected optimization level: 2
Selecting 3d kernel for splitFieldDirection=0 and optLevel=2
-----------------------------------------
Beginning initialization of 3D Simulation
Starting to add sources to simulation
Adding 3D point source
Starting to add boundary conditions to simulation
Adding 3D PML BC
Adding 3D PML BC
Adding 3D PML BC
Adding 3D PML BC
Adding 3D PML BC
Adding 3D Parallel BC
Starting to add monitors to Simulation
Adding analysis monitor
Adding 3D DFT monitor
Adding 3D DFT monitor
Adding 3D DFT monitor
Adding 3D DFT monitor
Adding 3D DFT monitor
Adding 3D DFT monitor
Finished initialization of 3D Simulation
-----------------------------------------
All processes are communicating and ready to proceed to simulation...
Starting 79654 total iterations
0.0602605% complete. Elapsed simulation time: 1.80781e-16 secs. Max time remaining: 6 mins, 12 secs. Auto Shutoff: 1
1.26547% complete. Elapsed simulation time: 3.79641e-15 secs. Max time remaining: 5 mins, 59 secs. Auto Shutoff: 1
2.55103% complete. Elapsed simulation time: 7.65308e-15 secs. Max time remaining: 5 mins, 46 secs. Auto Shutoff: 1
3.83658% complete. Elapsed simulation time: 1.15097e-14 secs. Max time remaining: 5 mins, 39 secs. Auto Shutoff: 1
5.12214% complete. Elapsed simulation time: 1.53664e-14 secs. Max time remaining: 5 mins, 33 secs. Auto Shutoff: 1
6.4077% complete. Elapsed simulation time: 1.92231e-14 secs. Max time remaining: 5 mins, 29 secs. Auto Shutoff: 0.000290993
7.69325% complete. Elapsed simulation time: 2.30798e-14 secs. Max time remaining: 5 mins, 26 secs. Auto Shutoff: 1.78579e-05
100% complete. Max time remaining: 0 mins, 0 secs. Auto Shutoff: 8.3594e-06
Early termination of simulation, the autoshutoff criteria are satisfied.
Completed 6407 iterations, or 2.413055e-14s of Simulation Time
Process 0 starting to collect data
    collecting monitor data
    collecting source data
Finished collecting data
Simulation completed successfully at: Sat Sep 12 12:09:21 2026
Overall wall time measurements in seconds: 29.4655
    time to mesh and initialize: 0.207661
    time to run FDTD simulation: 28.3758
    time to checkpoint simulation: 0
    time to finalize data and save to files: 0.164985
    miscellaneous time: 0.717094
    FDTD solver speed on process 0: 52.1668 Mnodes/s
    total FDTD solver speed on 2 processes: 104.334 Mnodes/s
