Ansys Lumerical 2024 R1 FDTD Solver Version 8.31.3633 (Windows 64bit)
 expires (month/day/year): 12/31/2035
using config file: Ansys Licensing set with ANSYSLMD_LICENSE_FILE
license host: 1055@localhost
current time: Sat Sep 12 12:09:25 2026
Running on host: DESKTOP-OOHI6PS
host available memory (GB): 6.111990
All processes are communicating and ready to proceed to simulation...
Running fsp file: C:\Program Files\Lumerical\v241\bin\fdtd-engine-msmpi.exe -t 1 -remote -shared-solve-license QU5TWVNfTElDRU5TSU5HX0NPTlRFWFRfREFUQT08QU5TWVNfTElDRU5TSU5HX0NPTlRFWFRfREFUQT48SUQ+ZTU2NzI5MjctNWRkNy00YmQ0LWI5YzktOTI4NGVjNmQyOTJhPC9JRD48VFlQRT5IUENfUEFSQU1FVFJJQzwvVFlQRT48TkFNRT5IUEMgUGFyYW1ldHJpYzwvTkFNRT48SEFORExFUj42NTQ0M0BERVNLVE9QLU9PSEk2UFM8L0hBTkRMRVI+PC9BTlNZU19MSUNFTlNJTkdfQ09OVEVYVF9EQVRBPgo= E:/University/FDTD Critical/F_gap10.fsp
number of processors is 2
processors are distributed as: 1x1x2
Running 3D Simulation
Starting meshing
Simulation size in gridpoints: 70 x 70 x 48
Refined 0 mesh cells (0%)
Completed meshing!
Meshing complete in 0.046875 seconds of CPU time
12800 12800
Starting meshing
Simulation size in gridpoints: 70 x 70 x 48
Refined 0 mesh cells (0%)
Completed meshing!
Meshing complete in 0.046875 seconds of CPU time
13728 13728
Starting meshing
Simulation size in gridpoints: 70 x 70 x 48
Refined 0 mesh cells (0%)
Completed meshing!
Meshing complete in 0.046875 seconds of CPU time
14944 14944
finished material properties
Meshing Time: 0.151991 seconds, Init Electrical Material Time: 0.0243183 seconds, Init Magnetic Material Time: 0.0003243
Using selected optimization level: 2
Selecting 3d kernel for splitFieldDirection=0 and optLevel=2
-----------------------------------------
Beginning initialization of 3D Simulation
Starting to add sources to simulation
Adding 3D point source
Starting to add boundary conditions to simulation
Adding 3D PML BC
Adding 3D PML BC
Adding 3D PML BC
Adding 3D PML BC
Adding 3D PML BC
Adding 3D Parallel BC
Starting to add monitors to Simulation
Adding analysis monitor
Adding 3D DFT monitor
Adding 3D DFT monitor
Adding 3D DFT monitor
Adding 3D DFT monitor
Adding 3D DFT monitor
Adding 3D DFT monitor
Finished initialization of 3D Simulation
-----------------------------------------
All processes are communicating and ready to proceed to simulation...
Starting 78675 total iterations
0.0610104% complete. Elapsed simulation time: 1.83031e-16 secs. Max time remaining: 6 mins, 14 secs. Auto Shutoff: 1
1.28122% complete. Elapsed simulation time: 3.84365e-15 secs. Max time remaining: 5 mins, 43 secs. Auto Shutoff: 1
2.58277% complete. Elapsed simulation time: 7.74832e-15 secs. Max time remaining: 5 mins, 37 secs. Auto Shutoff: 1
3.88433% complete. Elapsed simulation time: 1.1653e-14 secs. Max time remaining: 5 mins, 33 secs. Auto Shutoff: 1
5.18588% complete. Elapsed simulation time: 1.55577e-14 secs. Max time remaining: 5 mins, 34 secs. Auto Shutoff: 1
6.48744% complete. Elapsed simulation time: 1.94623e-14 secs. Max time remaining: 5 mins, 29 secs. Auto Shutoff: 0.0384552
7.78899% complete. Elapsed simulation time: 2.3367e-14 secs. Max time remaining: 5 mins, 23 secs. Auto Shutoff: 0.011915
9.09055% complete. Elapsed simulation time: 2.72716e-14 secs. Max time remaining: 5 mins, 19 secs. Auto Shutoff: 0.0117111
10.3921% complete. Elapsed simulation time: 3.11763e-14 secs. Max time remaining: 5 mins, 17 secs. Auto Shutoff: 0.00261038
11.6937% complete. Elapsed simulation time: 3.5081e-14 secs. Max time remaining: 5 mins, 12 secs. Auto Shutoff: 0.00265544
12.9952% complete. Elapsed simulation time: 3.89856e-14 secs. Max time remaining: 5 mins, 7 secs. Auto Shutoff: 0.00159273
14.2968% complete. Elapsed simulation time: 4.28903e-14 secs. Max time remaining: 5 mins, 1 secs. Auto Shutoff: 0.000506705
15.5983% complete. Elapsed simulation time: 4.6795e-14 secs. Max time remaining: 4 mins, 56 secs. Auto Shutoff: 0.000105677
16.8999% complete. Elapsed simulation time: 5.06996e-14 secs. Max time remaining: 4 mins, 53 secs. Auto Shutoff: 6.94163e-05
18.2014% complete. Elapsed simulation time: 5.46043e-14 secs. Max time remaining: 4 mins, 49 secs. Auto Shutoff: 6.38513e-05
19.503% complete. Elapsed simulation time: 5.8509e-14 secs. Max time remaining: 4 mins, 44 secs. Auto Shutoff: 1.64402e-05
100% complete. Max time remaining: 0 mins, 0 secs. Auto Shutoff: 7.72287e-06
Early termination of simulation, the autoshutoff criteria are satisfied.
Completed 15638 iterations, or 5.963004e-14s of Simulation Time
Process 0 starting to collect data
    collecting monitor data
    collecting source data
Finished collecting data
Simulation completed successfully at: Sat Sep 12 12:10:35 2026
Overall wall time measurements in seconds: 71.0819
    time to mesh and initialize: 0.205632
    time to run FDTD simulation: 70.0042
    time to checkpoint simulation: 0
    time to finalize data and save to files: 0.167827
    miscellaneous time: 0.704225
    FDTD solver speed on process 0: 52.5405 Mnodes/s
    total FDTD solver speed on 2 processes: 105.081 Mnodes/s
