Ansys Lumerical 2024 R1 FDTD Solver Version 8.31.3633 (Windows 64bit)
 expires (month/day/year): 12/31/2035
using config file: Ansys Licensing set with ANSYSLMD_LICENSE_FILE
license host: 1055@localhost
current time: Sat Sep 12 12:10:38 2026
Running on host: DESKTOP-OOHI6PS
host available memory (GB): 6.201528
All processes are communicating and ready to proceed to simulation...
Running fsp file: C:\Program Files\Lumerical\v241\bin\fdtd-engine-msmpi.exe -t 1 -remote -shared-solve-license QU5TWVNfTElDRU5TSU5HX0NPTlRFWFRfREFUQT08QU5TWVNfTElDRU5TSU5HX0NPTlRFWFRfREFUQT48SUQ+MmQzZjE0MDgtMzUzMi00NWJlLWEyMjUtZmVjZTBjOTNiNjJjPC9JRD48VFlQRT5IUENfUEFSQU1FVFJJQzwvVFlQRT48TkFNRT5IUEMgUGFyYW1ldHJpYzwvTkFNRT48SEFORExFUj42NTQ0M0BERVNLVE9QLU9PSEk2UFM8L0hBTkRMRVI+PC9BTlNZU19MSUNFTlNJTkdfQ09OVEVYVF9EQVRBPgo= E:/University/FDTD Critical/F_gap20.fsp
number of processors is 2
processors are distributed as: 1x1x2
Running 3D Simulation
Starting meshing
Simulation size in gridpoints: 70 x 70 x 50
Refined 0 mesh cells (0%)
Completed meshing!
Meshing complete in 0.046875 seconds of CPU time
14400 14400
Starting meshing
Simulation size in gridpoints: 70 x 70 x 50
Refined 0 mesh cells (0%)
Completed meshing!
Meshing complete in 0.046875 seconds of CPU time
15456 15456
Starting meshing
Simulation size in gridpoints: 70 x 70 x 50
Refined 0 mesh cells (0%)
Completed meshing!
Meshing complete in 0.046875 seconds of CPU time
16800 16800
finished material properties
Meshing Time: 0.164444 seconds, Init Electrical Material Time: 0.0269365 seconds, Init Magnetic Material Time: 0.0005633
Using selected optimization level: 2
Selecting 3d kernel for splitFieldDirection=0 and optLevel=2
-----------------------------------------
Beginning initialization of 3D Simulation
Starting to add sources to simulation
Adding 3D point source
Starting to add boundary conditions to simulation
Adding 3D PML BC
Adding 3D PML BC
Adding 3D PML BC
Adding 3D PML BC
Adding 3D PML BC
Adding 3D Parallel BC
Starting to add monitors to Simulation
Adding analysis monitor
Adding 3D DFT monitor
Adding 3D DFT monitor
Adding 3D DFT monitor
Adding 3D DFT monitor
Adding 3D DFT monitor
Adding 3D DFT monitor
Finished initialization of 3D Simulation
-----------------------------------------
All processes are communicating and ready to proceed to simulation...
Starting 78675 total iterations
0.0610104% complete. Elapsed simulation time: 1.83031e-16 secs. Max time remaining: 6 mins, 46 secs. Auto Shutoff: 1
1.28122% complete. Elapsed simulation time: 3.84365e-15 secs. Max time remaining: 6 mins, 1 secs. Auto Shutoff: 1
2.58277% complete. Elapsed simulation time: 7.74832e-15 secs. Max time remaining: 5 mins, 54 secs. Auto Shutoff: 1
3.88433% complete. Elapsed simulation time: 1.1653e-14 secs. Max time remaining: 5 mins, 48 secs. Auto Shutoff: 1
5.18588% complete. Elapsed simulation time: 1.55577e-14 secs. Max time remaining: 5 mins, 44 secs. Auto Shutoff: 1
6.48744% complete. Elapsed simulation time: 1.94623e-14 secs. Max time remaining: 5 mins, 39 secs. Auto Shutoff: 0.00871448
7.78899% complete. Elapsed simulation time: 2.3367e-14 secs. Max time remaining: 5 mins, 35 secs. Auto Shutoff: 0.00274685
9.09055% complete. Elapsed simulation time: 2.72716e-14 secs. Max time remaining: 5 mins, 31 secs. Auto Shutoff: 0.00271963
10.3921% complete. Elapsed simulation time: 3.11763e-14 secs. Max time remaining: 5 mins, 26 secs. Auto Shutoff: 0.000606455
11.6937% complete. Elapsed simulation time: 3.5081e-14 secs. Max time remaining: 5 mins, 21 secs. Auto Shutoff: 0.000612027
12.9952% complete. Elapsed simulation time: 3.89856e-14 secs. Max time remaining: 5 mins, 17 secs. Auto Shutoff: 0.000362886
14.2968% complete. Elapsed simulation time: 4.28903e-14 secs. Max time remaining: 5 mins, 12 secs. Auto Shutoff: 0.000114279
15.5983% complete. Elapsed simulation time: 4.6795e-14 secs. Max time remaining: 5 mins, 7 secs. Auto Shutoff: 2.39769e-05
16.8999% complete. Elapsed simulation time: 5.06996e-14 secs. Max time remaining: 5 mins, 4 secs. Auto Shutoff: 1.60943e-05
100% complete. Max time remaining: 0 mins, 0 secs. Auto Shutoff: 8.29762e-06
Early termination of simulation, the autoshutoff criteria are satisfied.
Completed 13517 iterations, or 5.154235e-14s of Simulation Time
Process 0 starting to collect data
    collecting monitor data
    collecting source data
Finished collecting data
Simulation completed successfully at: Sat Sep 12 12:11:42 2026
Overall wall time measurements in seconds: 63.8809
    time to mesh and initialize: 0.216766
    time to run FDTD simulation: 62.8603
    time to checkpoint simulation: 0
    time to finalize data and save to files: 0.186784
    miscellaneous time: 0.617017
    FDTD solver speed on process 0: 52.6829 Mnodes/s
    total FDTD solver speed on 2 processes: 105.366 Mnodes/s
