Ansys Lumerical 2024 R1 FDTD Solver Version 8.31.3633 (Windows 64bit)
 expires (month/day/year): 12/31/2035
using config file: Ansys Licensing set with ANSYSLMD_LICENSE_FILE
license host: 1055@localhost
current time: Sat Sep 12 12:11:45 2026
Running on host: DESKTOP-OOHI6PS
host available memory (GB): 6.254002
All processes are communicating and ready to proceed to simulation...
Running fsp file: C:\Program Files\Lumerical\v241\bin\fdtd-engine-msmpi.exe -t 1 -remote -shared-solve-license QU5TWVNfTElDRU5TSU5HX0NPTlRFWFRfREFUQT08QU5TWVNfTElDRU5TSU5HX0NPTlRFWFRfREFUQT48SUQ+MjYzNGI1NjItYmViOS00YzJhLTg3NzYtYjkzMjZjYjYxMmRmPC9JRD48VFlQRT5IUENfUEFSQU1FVFJJQzwvVFlQRT48TkFNRT5IUEMgUGFyYW1ldHJpYzwvTkFNRT48SEFORExFUj42NTQ0M0BERVNLVE9QLU9PSEk2UFM8L0hBTkRMRVI+PC9BTlNZU19MSUNFTlNJTkdfQ09OVEVYVF9EQVRBPgo= E:/University/FDTD Critical/F_gap3.fsp
number of processors is 2
processors are distributed as: 1x1x2
Running 3D Simulation
Starting meshing
Simulation size in gridpoints: 90 x 90 x 67
Refined 0 mesh cells (0%)
Completed meshing!
Meshing complete in 0.109375 seconds of CPU time
53728 53728
Starting meshing
Simulation size in gridpoints: 90 x 90 x 67
Refined 0 mesh cells (0%)
Completed meshing!
Meshing complete in 0.109375 seconds of CPU time
56096 56096
Starting meshing
Simulation size in gridpoints: 90 x 90 x 67
Refined 0 mesh cells (0%)
Completed meshing!
Meshing complete in 0.109375 seconds of CPU time
57024 57024
finished material properties
Meshing Time: 0.41722 seconds, Init Electrical Material Time: 0.0556786 seconds, Init Magnetic Material Time: 0.0009829
Using selected optimization level: 2
Selecting 3d kernel for splitFieldDirection=0 and optLevel=2
-----------------------------------------
Beginning initialization of 3D Simulation
Starting to add sources to simulation
Adding 3D point source
Starting to add boundary conditions to simulation
Adding 3D PML BC
Adding 3D PML BC
Adding 3D PML BC
Adding 3D PML BC
Adding 3D PML BC
Adding 3D Parallel BC
Starting to add monitors to Simulation
Adding analysis monitor
Adding 3D DFT monitor
Adding 3D DFT monitor
Adding 3D DFT monitor
Adding 3D DFT monitor
Adding 3D DFT monitor
Adding 3D DFT monitor
Finished initialization of 3D Simulation
-----------------------------------------
All processes are communicating and ready to proceed to simulation...
Starting 157350 total iterations
0.0305052% complete. Elapsed simulation time: 9.15156e-17 secs. Max time remaining: 29 mins, 26 secs. Auto Shutoff: 1
1.04735% complete. Elapsed simulation time: 3.14204e-15 secs. Max time remaining: 26 mins, 44 secs. Auto Shutoff: 1
2.10486% complete. Elapsed simulation time: 6.31458e-15 secs. Max time remaining: 26 mins, 52 secs. Auto Shutoff: 1
3.16237% complete. Elapsed simulation time: 9.48712e-15 secs. Max time remaining: 26 mins, 30 secs. Auto Shutoff: 1
4.21989% complete. Elapsed simulation time: 1.26597e-14 secs. Max time remaining: 26 mins, 11 secs. Auto Shutoff: 1
5.2774% complete. Elapsed simulation time: 1.58322e-14 secs. Max time remaining: 25 mins, 49 secs. Auto Shutoff: 1
6.33491% complete. Elapsed simulation time: 1.90047e-14 secs. Max time remaining: 25 mins, 28 secs. Auto Shutoff: 0.0444096
7.39243% complete. Elapsed simulation time: 2.21773e-14 secs. Max time remaining: 25 mins, 10 secs. Auto Shutoff: 0.0246903
8.44994% complete. Elapsed simulation time: 2.53498e-14 secs. Max time remaining: 24 mins, 55 secs. Auto Shutoff: 0.013643
9.50745% complete. Elapsed simulation time: 2.85224e-14 secs. Max time remaining: 24 mins, 36 secs. Auto Shutoff: 0.0157498
10.565% complete. Elapsed simulation time: 3.16949e-14 secs. Max time remaining: 24 mins, 19 secs. Auto Shutoff: 0.00939038
11.6225% complete. Elapsed simulation time: 3.48674e-14 secs. Max time remaining: 24 mins, 2 secs. Auto Shutoff: 0.0062621
12.68% complete. Elapsed simulation time: 3.804e-14 secs. Max time remaining: 23 mins, 46 secs. Auto Shutoff: 0.00328165
13.7375% complete. Elapsed simulation time: 4.12125e-14 secs. Max time remaining: 23 mins, 27 secs. Auto Shutoff: 0.000997225
14.795% complete. Elapsed simulation time: 4.43851e-14 secs. Max time remaining: 23 mins, 9 secs. Auto Shutoff: 0.000470704
15.8525% complete. Elapsed simulation time: 4.75576e-14 secs. Max time remaining: 22 mins, 51 secs. Auto Shutoff: 0.000145843
16.91% complete. Elapsed simulation time: 5.07301e-14 secs. Max time remaining: 22 mins, 34 secs. Auto Shutoff: 8.45284e-05
17.9676% complete. Elapsed simulation time: 5.39027e-14 secs. Max time remaining: 22 mins, 19 secs. Auto Shutoff: 9.88919e-05
19.0251% complete. Elapsed simulation time: 5.70752e-14 secs. Max time remaining: 22 mins, 2 secs. Auto Shutoff: 5.78846e-05
20.0826% complete. Elapsed simulation time: 6.02478e-14 secs. Max time remaining: 21 mins, 44 secs. Auto Shutoff: 3.63644e-05
100% complete. Max time remaining: 0 mins, 0 secs. Auto Shutoff: 8.69281e-06
Early termination of simulation, the autoshutoff criteria are satisfied.
Completed 32388 iterations, or 6.175015e-14s of Simulation Time
Process 0 starting to collect data
    collecting monitor data
    collecting source data
Finished collecting data
Simulation completed successfully at: Sat Sep 12 12:17:22 2026
Overall wall time measurements in seconds: 337.573
    time to mesh and initialize: 0.538156
    time to run FDTD simulation: 335.945
    time to checkpoint simulation: 0
    time to finalize data and save to files: 0.368069
    miscellaneous time: 0.72149
    FDTD solver speed on process 0: 52.321 Mnodes/s
    total FDTD solver speed on 2 processes: 104.642 Mnodes/s
