Ansys Lumerical 2024 R1 FDTD Solver Version 8.31.3633 (Windows 64bit)
 expires (month/day/year): 12/31/2035
using config file: Ansys Licensing set with ANSYSLMD_LICENSE_FILE
license host: 1055@localhost
current time: Sat Sep 12 12:05:17 2026
Running on host: DESKTOP-OOHI6PS
host available memory (GB): 5.280403
All processes are communicating and ready to proceed to simulation...
Running fsp file: C:\Program Files\Lumerical\v241\bin\fdtd-engine-msmpi.exe -t 1 -remote -shared-solve-license QU5TWVNfTElDRU5TSU5HX0NPTlRFWFRfREFUQT08QU5TWVNfTElDRU5TSU5HX0NPTlRFWFRfREFUQT48SUQ+OGYzNjdiZGMtYzI5ZS00ZTk3LWFiNGItZDkwMGYzNWRjMTUwPC9JRD48VFlQRT5IUENfUEFSQU1FVFJJQzwvVFlQRT48TkFNRT5IUEMgUGFyYW1ldHJpYzwvTkFNRT48SEFORExFUj42NTQ0M0BERVNLVE9QLU9PSEk2UFM8L0hBTkRMRVI+PC9BTlNZU19MSUNFTlNJTkdfQ09OVEVYVF9EQVRBPgo= E:/University/FDTD Critical/G_mesh1.5.fsp
number of processors is 2
processors are distributed as: 1x1x2
Running 3D Simulation
Starting meshing
Simulation size in gridpoints: 78 x 78 x 54
Refined 0 mesh cells (0%)
Completed meshing!
Meshing complete in 0.078125 seconds of CPU time
30144 30144
Starting meshing
Simulation size in gridpoints: 78 x 78 x 54
Refined 0 mesh cells (0%)
Completed meshing!
Meshing complete in 0.0625 seconds of CPU time
31296 31296
Starting meshing
Simulation size in gridpoints: 78 x 78 x 54
Refined 0 mesh cells (0%)
Completed meshing!
Meshing complete in 0.0625 seconds of CPU time
31008 31008
finished material properties
Meshing Time: 0.235292 seconds, Init Electrical Material Time: 0.036909 seconds, Init Magnetic Material Time: 0.000575
Using selected optimization level: 2
Selecting 3d kernel for splitFieldDirection=0 and optLevel=2
-----------------------------------------
Beginning initialization of 3D Simulation
Starting to add sources to simulation
Adding 3D point source
Starting to add boundary conditions to simulation
Adding 3D PML BC
Adding 3D PML BC
Adding 3D PML BC
Adding 3D PML BC
Adding 3D PML BC
Adding 3D Parallel BC
Starting to add monitors to Simulation
Adding analysis monitor
Adding 3D DFT monitor
Adding 3D DFT monitor
Adding 3D DFT monitor
Adding 3D DFT monitor
Adding 3D DFT monitor
Adding 3D DFT monitor
Finished initialization of 3D Simulation
-----------------------------------------
All processes are communicating and ready to proceed to simulation...
Starting 107543 total iterations
0.0446331% complete. Elapsed simulation time: 1.33899e-16 secs. Max time remaining: 12 mins, 30 secs. Auto Shutoff: 1
1.05632% complete. Elapsed simulation time: 3.16895e-15 secs. Max time remaining: 16 mins, 10 secs. Auto Shutoff: 1
2.12751% complete. Elapsed simulation time: 6.38253e-15 secs. Max time remaining: 16 mins, 44 secs. Auto Shutoff: 1
3.19871% complete. Elapsed simulation time: 9.59612e-15 secs. Max time remaining: 16 mins, 50 secs. Auto Shutoff: 1
4.2699% complete. Elapsed simulation time: 1.28097e-14 secs. Max time remaining: 16 mins, 46 secs. Auto Shutoff: 1
5.3411% complete. Elapsed simulation time: 1.60233e-14 secs. Max time remaining: 16 mins, 53 secs. Auto Shutoff: 1
6.41229% complete. Elapsed simulation time: 1.92369e-14 secs. Max time remaining: 17 mins, 9 secs. Auto Shutoff: 0.0515708
7.48348% complete. Elapsed simulation time: 2.24505e-14 secs. Max time remaining: 17 mins, 9 secs. Auto Shutoff: 0.0281722
8.55468% complete. Elapsed simulation time: 2.5664e-14 secs. Max time remaining: 17 mins, 3 secs. Auto Shutoff: 0.0329155
9.62587% complete. Elapsed simulation time: 2.88776e-14 secs. Max time remaining: 16 mins, 54 secs. Auto Shutoff: 0.0192265
10.6971% complete. Elapsed simulation time: 3.20912e-14 secs. Max time remaining: 17 mins, 6 secs. Auto Shutoff: 0.0146745
11.7683% complete. Elapsed simulation time: 3.53048e-14 secs. Max time remaining: 16 mins, 47 secs. Auto Shutoff: 0.00795187
12.7799% complete. Elapsed simulation time: 3.83398e-14 secs. Max time remaining: 16 mins, 49 secs. Auto Shutoff: 0.00431634
13.9702% complete. Elapsed simulation time: 4.19105e-14 secs. Max time remaining: 16 mins, 12 secs. Auto Shutoff: 0.000918007
15.1604% complete. Elapsed simulation time: 4.54811e-14 secs. Max time remaining: 15 mins, 31 secs. Auto Shutoff: 0.00113356
16.3506% complete. Elapsed simulation time: 4.90518e-14 secs. Max time remaining: 14 mins, 55 secs. Auto Shutoff: 0.000163551
17.5408% complete. Elapsed simulation time: 5.26224e-14 secs. Max time remaining: 14 mins, 22 secs. Auto Shutoff: 0.000285836
18.731% complete. Elapsed simulation time: 5.61931e-14 secs. Max time remaining: 13 mins, 51 secs. Auto Shutoff: 6.94868e-05
19.9212% complete. Elapsed simulation time: 5.97637e-14 secs. Max time remaining: 13 mins, 23 secs. Auto Shutoff: 6.98647e-05
21.1115% complete. Elapsed simulation time: 6.33344e-14 secs. Max time remaining: 12 mins, 57 secs. Auto Shutoff: 1.09663e-05
100% complete. Max time remaining: 0 mins, 0 secs. Auto Shutoff: 8.98363e-06
Early termination of simulation, the autoshutoff criteria are satisfied.
Completed 23104 iterations, or 6.445021e-14s of Simulation Time
Process 0 starting to collect data
    collecting monitor data
    collecting source data
Finished collecting data
Simulation completed successfully at: Sat Sep 12 12:08:49 2026
Overall wall time measurements in seconds: 212.259
    time to mesh and initialize: 0.310271
    time to run FDTD simulation: 211.036
    time to checkpoint simulation: 0
    time to finalize data and save to files: 0.239947
    miscellaneous time: 0.672636
    FDTD solver speed on process 0: 35.9678 Mnodes/s
    total FDTD solver speed on 2 processes: 71.9356 Mnodes/s
