Ansys Lumerical 2024 R1 FDTD Solver Version 8.31.3633 (Windows 64bit)
 expires (month/day/year): 12/31/2035
using config file: Ansys Licensing set with ANSYSLMD_LICENSE_FILE
license host: 1055@localhost
current time: Sat Sep 12 12:03:59 2026
Running on host: DESKTOP-OOHI6PS
host available memory (GB): 5.244731
All processes are communicating and ready to proceed to simulation...
Running fsp file: C:\Program Files\Lumerical\v241\bin\fdtd-engine-msmpi.exe -t 1 -remote -shared-solve-license QU5TWVNfTElDRU5TSU5HX0NPTlRFWFRfREFUQT08QU5TWVNfTElDRU5TSU5HX0NPTlRFWFRfREFUQT48SUQ+ZjUyM2I4ZDYtZWU1Yi00MDc0LWEzOTAtNjFiODVhN2YzZjA1PC9JRD48VFlQRT5IUENfUEFSQU1FVFJJQzwvVFlQRT48TkFNRT5IUEMgUGFyYW1ldHJpYzwvTkFNRT48SEFORExFUj42NTQ0M0BERVNLVE9QLU9PSEk2UFM8L0hBTkRMRVI+PC9BTlNZU19MSUNFTlNJTkdfQ09OVEVYVF9EQVRBPgo= E:/University/FDTD Critical/G_mesh3.fsp
number of processors is 2
processors are distributed as: 1x1x2
Running 3D Simulation
Starting meshing
Simulation size in gridpoints: 63 x 63 x 39
Refined 0 mesh cells (0%)
Completed meshing!
Meshing complete in 0.046875 seconds of CPU time
4608 4608
Starting meshing
Simulation size in gridpoints: 63 x 63 x 39
Refined 0 mesh cells (0%)
Completed meshing!
Meshing complete in 0.015625 seconds of CPU time
4864 4864
Starting meshing
Simulation size in gridpoints: 63 x 63 x 39
Refined 0 mesh cells (0%)
Completed meshing!
Meshing complete in 0.03125 seconds of CPU time
4512 4512
finished material properties
Meshing Time: 0.10692 seconds, Init Electrical Material Time: 0.0212149 seconds, Init Magnetic Material Time: 0.000715
Using selected optimization level: 2
Selecting 3d kernel for splitFieldDirection=0 and optLevel=2
-----------------------------------------
Beginning initialization of 3D Simulation
Starting to add sources to simulation
Adding 3D point source
Starting to add boundary conditions to simulation
Adding 3D PML BC
Adding 3D PML BC
Adding 3D PML BC
Adding 3D PML BC
Adding 3D PML BC
Adding 3D Parallel BC
Starting to add monitors to Simulation
Adding analysis monitor
Adding 3D DFT monitor
Adding 3D DFT monitor
Adding 3D DFT monitor
Adding 3D DFT monitor
Adding 3D DFT monitor
Adding 3D DFT monitor
Finished initialization of 3D Simulation
-----------------------------------------
All processes are communicating and ready to proceed to simulation...
Starting 53772 total iterations
0.0892662% complete. Elapsed simulation time: 2.67799e-16 secs. Max time remaining: 3 mins, 54 secs. Auto Shutoff: 1
1.87459% complete. Elapsed simulation time: 5.62377e-15 secs. Max time remaining: 3 mins, 31 secs. Auto Shutoff: 1
3.30285% complete. Elapsed simulation time: 9.90855e-15 secs. Max time remaining: 3 mins, 55 secs. Auto Shutoff: 1
4.73111% complete. Elapsed simulation time: 1.41933e-14 secs. Max time remaining: 4 mins, 1 secs. Auto Shutoff: 1
6.15937% complete. Elapsed simulation time: 1.84781e-14 secs. Max time remaining: 4 mins, 3 secs. Auto Shutoff: 1
7.58763% complete. Elapsed simulation time: 2.27629e-14 secs. Max time remaining: 4 mins, 4 secs. Auto Shutoff: 0.0564335
9.01589% complete. Elapsed simulation time: 2.70477e-14 secs. Max time remaining: 4 mins, 2 secs. Auto Shutoff: 0.104493
10.4441% complete. Elapsed simulation time: 3.13324e-14 secs. Max time remaining: 4 mins, 3 secs. Auto Shutoff: 0.0267999
11.8724% complete. Elapsed simulation time: 3.56172e-14 secs. Max time remaining: 4 mins, 0 secs. Auto Shutoff: 0.0294782
13.3007% complete. Elapsed simulation time: 3.9902e-14 secs. Max time remaining: 3 mins, 57 secs. Auto Shutoff: 0.0114471
14.7289% complete. Elapsed simulation time: 4.41868e-14 secs. Max time remaining: 3 mins, 54 secs. Auto Shutoff: 0.00256016
16.1572% complete. Elapsed simulation time: 4.84716e-14 secs. Max time remaining: 3 mins, 50 secs. Auto Shutoff: 0.00361036
17.5854% complete. Elapsed simulation time: 5.27563e-14 secs. Max time remaining: 3 mins, 47 secs. Auto Shutoff: 0.00120179
19.0137% complete. Elapsed simulation time: 5.70411e-14 secs. Max time remaining: 3 mins, 44 secs. Auto Shutoff: 0.000846555
20.442% complete. Elapsed simulation time: 6.13259e-14 secs. Max time remaining: 3 mins, 40 secs. Auto Shutoff: 0.000424677
21.8702% complete. Elapsed simulation time: 6.56107e-14 secs. Max time remaining: 3 mins, 36 secs. Auto Shutoff: 0.000120724
23.2985% complete. Elapsed simulation time: 6.98955e-14 secs. Max time remaining: 3 mins, 33 secs. Auto Shutoff: 0.00011132
24.7267% complete. Elapsed simulation time: 7.41802e-14 secs. Max time remaining: 3 mins, 29 secs. Auto Shutoff: 4.78849e-05
26.155% complete. Elapsed simulation time: 7.8465e-14 secs. Max time remaining: 3 mins, 25 secs. Auto Shutoff: 2.16628e-05
100% complete. Max time remaining: 0 mins, 0 secs. Auto Shutoff: 7.7047e-06
Early termination of simulation, the autoshutoff criteria are satisfied.
Completed 14278 iterations, or 7.965894e-14s of Simulation Time
Process 0 starting to collect data
    collecting monitor data
    collecting source data
Finished collecting data
Simulation completed successfully at: Sat Sep 12 12:05:13 2026
Overall wall time measurements in seconds: 74.6447
    time to mesh and initialize: 0.159151
    time to run FDTD simulation: 73.6288
    time to checkpoint simulation: 0
    time to finalize data and save to files: 0.206454
    miscellaneous time: 0.650294
    FDTD solver speed on process 0: 30.0169 Mnodes/s
    total FDTD solver speed on 2 processes: 60.0337 Mnodes/s
